m1_hough/vidd_1: proposing ROIs for 50 frame(s)
  m1_hough/vidd_1: proposed 1/49 (00002)
  m1_hough/vidd_1: proposed 2/49 (00003)
  m1_hough/vidd_1: proposed 3/49 (00004)
  m1_hough/vidd_1: proposed 4/49 (00005)
  m1_hough/vidd_1: proposed 5/49 (00006)
  m1_hough/vidd_1: proposed 6/49 (00007)
  m1_hough/vidd_1: proposed 7/49 (00008)
  m1_hough/vidd_1: proposed 8/49 (00009)
  m1_hough/vidd_1: proposed 9/49 (00010)
  m1_hough/vidd_1: proposed 10/49 (00011)
  m1_hough/vidd_1: proposed 11/49 (00012)
  m1_hough/vidd_1: proposed 12/49 (00013)
  m1_hough/vidd_1: proposed 13/49 (00014)
  m1_hough/vidd_1: proposed 14/49 (00015)
  m1_hough/vidd_1: proposed 15/49 (00016)
  m1_hough/vidd_1: proposed 16/49 (00017)
  m1_hough/vidd_1: proposed 17/49 (00018)
  m1_hough/vidd_1: proposed 18/49 (00019)
  m1_hough/vidd_1: proposed 19/49 (00020)
  m1_hough/vidd_1: proposed 20/49 (01060)
  m1_hough/vidd_1: proposed 21/49 (01061)
  m1_hough/vidd_1: proposed 22/49 (01062)
  m1_hough/vidd_1: proposed 23/49 (01063)
  m1_hough/vidd_1: proposed 24/49 (01064)
  m1_hough/vidd_1: proposed 25/49 (01065)
  m1_hough/vidd_1: proposed 26/49 (01066)
  m1_hough/vidd_1: proposed 27/49 (01067)
  m1_hough/vidd_1: proposed 28/49 (01068)
  m1_hough/vidd_1: proposed 29/49 (09000)
  m1_hough/vidd_1: proposed 30/49 (09001)
  m1_hough/vidd_1: proposed 31/49 (09002)
  m1_hough/vidd_1: proposed 32/49 (09003)
  m1_hough/vidd_1: proposed 33/49 (09004)
  m1_hough/vidd_1: proposed 34/49 (09005)
  m1_hough/vidd_1: proposed 35/49 (09006)
  m1_hough/vidd_1: proposed 36/49 (09007)
  m1_hough/vidd_1: proposed 37/49 (09008)
  m1_hough/vidd_1: proposed 38/49 (09009)
  m1_hough/vidd_1: proposed 39/49 (09010)
  m1_hough/vidd_1: proposed 40/49 (09011)
  m1_hough/vidd_1: proposed 41/49 (09012)
  m1_hough/vidd_1: proposed 42/49 (09013)
  m1_hough/vidd_1: proposed 43/49 (09014)
  m1_hough/vidd_1: proposed 44/49 (09015)
  m1_hough/vidd_1: proposed 45/49 (09016)
  m1_hough/vidd_1: proposed 46/49 (09017)
  m1_hough/vidd_1: proposed 47/49 (09018)
  m1_hough/vidd_1: proposed 48/49 (09019)
  m1_hough/vidd_1: proposed 49/49 (09020)
m2_kmeans/vidd_1: proposing ROIs for 50 frame(s)
  m2_kmeans/vidd_1: proposed 1/49 (00002)
  m2_kmeans/vidd_1: proposed 2/49 (00003)
  m2_kmeans/vidd_1: proposed 3/49 (00004)
  m2_kmeans/vidd_1: proposed 4/49 (00005)
  m2_kmeans/vidd_1: proposed 5/49 (00006)
  m2_kmeans/vidd_1: proposed 6/49 (00007)
  m2_kmeans/vidd_1: proposed 7/49 (00008)
  m2_kmeans/vidd_1: proposed 8/49 (00009)
  m2_kmeans/vidd_1: proposed 9/49 (00010)
  m2_kmeans/vidd_1: proposed 10/49 (00011)
  m2_kmeans/vidd_1: proposed 11/49 (00012)
  m2_kmeans/vidd_1: proposed 12/49 (00013)
  m2_kmeans/vidd_1: proposed 13/49 (00014)
  m2_kmeans/vidd_1: proposed 14/49 (00015)
  m2_kmeans/vidd_1: proposed 15/49 (00016)
  m2_kmeans/vidd_1: proposed 16/49 (00017)
  m2_kmeans/vidd_1: proposed 17/49 (00018)
  m2_kmeans/vidd_1: proposed 18/49 (00019)
  m2_kmeans/vidd_1: proposed 19/49 (00020)
  m2_kmeans/vidd_1: proposed 20/49 (01060)
  m2_kmeans/vidd_1: proposed 21/49 (01061)
  m2_kmeans/vidd_1: proposed 22/49 (01062)
  m2_kmeans/vidd_1: proposed 23/49 (01063)
  m2_kmeans/vidd_1: proposed 24/49 (01064)
  m2_kmeans/vidd_1: proposed 25/49 (01065)
  m2_kmeans/vidd_1: proposed 26/49 (01066)
  m2_kmeans/vidd_1: proposed 27/49 (01067)
  m2_kmeans/vidd_1: proposed 28/49 (01068)
  m2_kmeans/vidd_1: proposed 29/49 (09000)
  m2_kmeans/vidd_1: proposed 30/49 (09001)
  m2_kmeans/vidd_1: proposed 31/49 (09002)
  m2_kmeans/vidd_1: proposed 32/49 (09003)
  m2_kmeans/vidd_1: proposed 33/49 (09004)
  m2_kmeans/vidd_1: proposed 34/49 (09005)
  m2_kmeans/vidd_1: proposed 35/49 (09006)
  m2_kmeans/vidd_1: proposed 36/49 (09007)
  m2_kmeans/vidd_1: proposed 37/49 (09008)
  m2_kmeans/vidd_1: proposed 38/49 (09009)
  m2_kmeans/vidd_1: proposed 39/49 (09010)
  m2_kmeans/vidd_1: proposed 40/49 (09011)
  m2_kmeans/vidd_1: proposed 41/49 (09012)
  m2_kmeans/vidd_1: proposed 42/49 (09013)
  m2_kmeans/vidd_1: proposed 43/49 (09014)
  m2_kmeans/vidd_1: proposed 44/49 (09015)
  m2_kmeans/vidd_1: proposed 45/49 (09016)
  m2_kmeans/vidd_1: proposed 46/49 (09017)
  m2_kmeans/vidd_1: proposed 47/49 (09018)
  m2_kmeans/vidd_1: proposed 48/49 (09019)
  m2_kmeans/vidd_1: proposed 49/49 (09020)
m3_vlm_corners/vidd_1: proposing ROIs for 50 frame(s)
  m3_vlm_corners/vidd_1: proposed 1/49 (00003)
  m3_vlm_corners/vidd_1: proposed 2/49 (00002)
  m3_vlm_corners/vidd_1: proposed 3/49 (00010)
  m3_vlm_corners/vidd_1: proposed 4/49 (00007)
  m3_vlm_corners/vidd_1: proposed 5/49 (00005)
  m3_vlm_corners/vidd_1: proposed 6/49 (00004)
  m3_vlm_corners/vidd_1: proposed 7/49 (00009)
  m3_vlm_corners/vidd_1: proposed 8/49 (00016)
  m3_vlm_corners/vidd_1: proposed 9/49 (00011)
  m3_vlm_corners/vidd_1: proposed 10/49 (00008)
  m3_vlm_corners/vidd_1: proposed 11/49 (00017)
  m3_vlm_corners/vidd_1: proposed 12/49 (00018)
  m3_vlm_corners/vidd_1: proposed 13/49 (00012)
  m3_vlm_corners/vidd_1: proposed 14/49 (00015)
  m3_vlm_corners/vidd_1: proposed 15/49 (00020)
  m3_vlm_corners/vidd_1: proposed 16/49 (00006)
  m3_vlm_corners/vidd_1: proposed 17/49 (00013)
  m3_vlm_corners/vidd_1: proposed 18/49 (01060)
  m3_vlm_corners/vidd_1: proposed 19/49 (01061)
  m3_vlm_corners/vidd_1: proposed 20/49 (01063)
  m3_vlm_corners/vidd_1: proposed 21/49 (01066)
  m3_vlm_corners/vidd_1: proposed 22/49 (00014)
  m3_vlm_corners/vidd_1: proposed 23/49 (00019)
  m3_vlm_corners/vidd_1: proposed 24/49 (01067)
  m3_vlm_corners/vidd_1: proposed 25/49 (01064)
  m3_vlm_corners/vidd_1: proposed 26/49 (01068)
  m3_vlm_corners/vidd_1: proposed 27/49 (09001)
  m3_vlm_corners/vidd_1: proposed 28/49 (01062)
  m3_vlm_corners/vidd_1: proposed 29/49 (09002)
  m3_vlm_corners/vidd_1: proposed 30/49 (09003)
  m3_vlm_corners/vidd_1: proposed 31/49 (01065)
  m3_vlm_corners/vidd_1: proposed 32/49 (09000)
  m3_vlm_corners/vidd_1: proposed 33/49 (09004)
  m3_vlm_corners/vidd_1: proposed 34/49 (09007)
  m3_vlm_corners/vidd_1: proposed 35/49 (09008)
  m3_vlm_corners/vidd_1: proposed 36/49 (09009)
  m3_vlm_corners/vidd_1: proposed 37/49 (09010)
  m3_vlm_corners/vidd_1: proposed 38/49 (09005)
  m3_vlm_corners/vidd_1: proposed 39/49 (09011)
  m3_vlm_corners/vidd_1: proposed 40/49 (09013)
  m3_vlm_corners/vidd_1: proposed 41/49 (09014)
  m3_vlm_corners/vidd_1: proposed 42/49 (09006)
  m3_vlm_corners/vidd_1: proposed 43/49 (09017)
  m3_vlm_corners/vidd_1: proposed 44/49 (09012)
  m3_vlm_corners/vidd_1: proposed 45/49 (09018)
  m3_vlm_corners/vidd_1: proposed 46/49 (09020)
  m3_vlm_corners/vidd_1: proposed 47/49 (09015)
  m3_vlm_corners/vidd_1: proposed 48/49 (09016)
  m3_vlm_corners/vidd_1: proposed 49/49 (09019)
m4_vlm_points/vidd_1: proposing ROIs for 50 frame(s)
  m4_vlm_points/vidd_1: proposed 1/49 (00009)
  m4_vlm_points/vidd_1: proposed 2/49 (00008)
  m4_vlm_points/vidd_1: proposed 3/49 (00002)
  m4_vlm_points/vidd_1: proposed 4/49 (00007)
  m4_vlm_points/vidd_1: proposed 5/49 (00006)
  m4_vlm_points/vidd_1: proposed 6/49 (00004)
  m4_vlm_points/vidd_1: proposed 7/49 (00005)
  m4_vlm_points/vidd_1: proposed 8/49 (00003)
  m4_vlm_points/vidd_1: proposed 9/49 (00013)
  m4_vlm_points/vidd_1: proposed 10/49 (00011)
  m4_vlm_points/vidd_1: proposed 11/49 (00015)
  m4_vlm_points/vidd_1: proposed 12/49 (00010)
  m4_vlm_points/vidd_1: proposed 13/49 (00012)
  m4_vlm_points/vidd_1: proposed 14/49 (00014)
  m4_vlm_points/vidd_1: proposed 15/49 (01060)
  m4_vlm_points/vidd_1: proposed 16/49 (01061)
  m4_vlm_points/vidd_1: proposed 17/49 (00017)
  m4_vlm_points/vidd_1: proposed 18/49 (01064, fallback)
  m4_vlm_points/vidd_1: proposed 19/49 (01066, fallback)
  m4_vlm_points/vidd_1: proposed 20/49 (00019)
  m4_vlm_points/vidd_1: proposed 21/49 (00018)
  m4_vlm_points/vidd_1: proposed 22/49 (01063)
  m4_vlm_points/vidd_1: proposed 23/49 (09000, fallback)
  m4_vlm_points/vidd_1: proposed 24/49 (00016)
  m4_vlm_points/vidd_1: proposed 25/49 (09001, fallback)
  m4_vlm_points/vidd_1: proposed 26/49 (09002, fallback)
  m4_vlm_points/vidd_1: proposed 27/49 (09003, fallback)
  m4_vlm_points/vidd_1: proposed 28/49 (01067)
  m4_vlm_points/vidd_1: proposed 29/49 (09005, fallback)
  m4_vlm_points/vidd_1: proposed 30/49 (01068)
  m4_vlm_points/vidd_1: proposed 31/49 (09007, fallback)
  m4_vlm_points/vidd_1: proposed 32/49 (09008, fallback)
  m4_vlm_points/vidd_1: proposed 33/49 (09009, fallback)
  m4_vlm_points/vidd_1: proposed 34/49 (01065)
  m4_vlm_points/vidd_1: proposed 35/49 (09010, fallback)
  m4_vlm_points/vidd_1: proposed 36/49 (09012, fallback)
  m4_vlm_points/vidd_1: proposed 37/49 (09014, fallback)
  m4_vlm_points/vidd_1: proposed 38/49 (09015, fallback)
  m4_vlm_points/vidd_1: proposed 39/49 (09016, fallback)
  m4_vlm_points/vidd_1: proposed 40/49 (09018, fallback)
  m4_vlm_points/vidd_1: proposed 41/49 (00020)
  m4_vlm_points/vidd_1: proposed 42/49 (09004)
  m4_vlm_points/vidd_1: proposed 43/49 (01062)
  m4_vlm_points/vidd_1: proposed 44/49 (09019, fallback)
  m4_vlm_points/vidd_1: proposed 45/49 (09011)
  m4_vlm_points/vidd_1: proposed 46/49 (09013)
  m4_vlm_points/vidd_1: proposed 47/49 (09006)
  m4_vlm_points/vidd_1: proposed 48/49 (09017)
  m4_vlm_points/vidd_1: proposed 49/49 (09020)
m5_ridge/vidd_1: proposing ROIs for 50 frame(s)
  m5_ridge/vidd_1: proposed 1/49 (00002)
  m5_ridge/vidd_1: proposed 2/49 (00003)
  m5_ridge/vidd_1: proposed 3/49 (00004)
  m5_ridge/vidd_1: proposed 4/49 (00005)
  m5_ridge/vidd_1: proposed 5/49 (00006)
  m5_ridge/vidd_1: proposed 6/49 (00007)
  m5_ridge/vidd_1: proposed 7/49 (00008)
  m5_ridge/vidd_1: proposed 8/49 (00009)
  m5_ridge/vidd_1: proposed 9/49 (00010)
  m5_ridge/vidd_1: proposed 10/49 (00011)
  m5_ridge/vidd_1: proposed 11/49 (00012)
  m5_ridge/vidd_1: proposed 12/49 (00013)
  m5_ridge/vidd_1: proposed 13/49 (00014)
  m5_ridge/vidd_1: proposed 14/49 (00015)
  m5_ridge/vidd_1: proposed 15/49 (00016)
  m5_ridge/vidd_1: proposed 16/49 (00017)
  m5_ridge/vidd_1: proposed 17/49 (00018)
  m5_ridge/vidd_1: proposed 18/49 (00019)
  m5_ridge/vidd_1: proposed 19/49 (00020)
  m5_ridge/vidd_1: proposed 20/49 (01060)
  m5_ridge/vidd_1: proposed 21/49 (01061)
  m5_ridge/vidd_1: proposed 22/49 (01062)
  m5_ridge/vidd_1: proposed 23/49 (01063)
  m5_ridge/vidd_1: proposed 24/49 (01064)
  m5_ridge/vidd_1: proposed 25/49 (01065)
  m5_ridge/vidd_1: proposed 26/49 (01066)
  m5_ridge/vidd_1: proposed 27/49 (01067)
  m5_ridge/vidd_1: proposed 28/49 (01068)
  m5_ridge/vidd_1: proposed 29/49 (09000)
  m5_ridge/vidd_1: proposed 30/49 (09001)
  m5_ridge/vidd_1: proposed 31/49 (09002)
  m5_ridge/vidd_1: proposed 32/49 (09003)
  m5_ridge/vidd_1: proposed 33/49 (09004)
  m5_ridge/vidd_1: proposed 34/49 (09005)
  m5_ridge/vidd_1: proposed 35/49 (09006)
  m5_ridge/vidd_1: proposed 36/49 (09007)
  m5_ridge/vidd_1: proposed 37/49 (09008)
  m5_ridge/vidd_1: proposed 38/49 (09009)
  m5_ridge/vidd_1: proposed 39/49 (09010)
  m5_ridge/vidd_1: proposed 40/49 (09011)
  m5_ridge/vidd_1: proposed 41/49 (09012)
  m5_ridge/vidd_1: proposed 42/49 (09013)
  m5_ridge/vidd_1: proposed 43/49 (09014)
  m5_ridge/vidd_1: proposed 44/49 (09015)
  m5_ridge/vidd_1: proposed 45/49 (09016)
  m5_ridge/vidd_1: proposed 46/49 (09017)
  m5_ridge/vidd_1: proposed 47/49 (09018)
  m5_ridge/vidd_1: proposed 48/49 (09019)
  m5_ridge/vidd_1: proposed 49/49 (09020)
m1_hough/vidd_2: proposing ROIs for 50 frame(s)
  m1_hough/vidd_2: proposed 1/49 (00002)
  m1_hough/vidd_2: proposed 2/49 (00003)
  m1_hough/vidd_2: proposed 3/49 (00004)
  m1_hough/vidd_2: proposed 4/49 (00005)
  m1_hough/vidd_2: proposed 5/49 (00006)
  m1_hough/vidd_2: proposed 6/49 (00007)
  m1_hough/vidd_2: proposed 7/49 (00008)
  m1_hough/vidd_2: proposed 8/49 (00009)
  m1_hough/vidd_2: proposed 9/49 (00010)
  m1_hough/vidd_2: proposed 10/49 (00011)
  m1_hough/vidd_2: proposed 11/49 (00012)
  m1_hough/vidd_2: proposed 12/49 (00013)
  m1_hough/vidd_2: proposed 13/49 (00014)
  m1_hough/vidd_2: proposed 14/49 (00015)
  m1_hough/vidd_2: proposed 15/49 (00016)
  m1_hough/vidd_2: proposed 16/49 (00017)
  m1_hough/vidd_2: proposed 17/49 (00018)
  m1_hough/vidd_2: proposed 18/49 (00019)
  m1_hough/vidd_2: proposed 19/49 (00020)
  m1_hough/vidd_2: proposed 20/49 (03650)
  m1_hough/vidd_2: proposed 21/49 (03651)
  m1_hough/vidd_2: proposed 22/49 (03652)
  m1_hough/vidd_2: proposed 23/49 (03653)
  m1_hough/vidd_2: proposed 24/49 (03654, fallback)
  m1_hough/vidd_2: proposed 25/49 (03655)
  m1_hough/vidd_2: proposed 26/49 (03656)
  m1_hough/vidd_2: proposed 27/49 (03657)
  m1_hough/vidd_2: proposed 28/49 (03658)
  m1_hough/vidd_2: proposed 29/49 (03659)
  m1_hough/vidd_2: proposed 30/49 (03660)
  m1_hough/vidd_2: proposed 31/49 (03661)
  m1_hough/vidd_2: proposed 32/49 (03662)
  m1_hough/vidd_2: proposed 33/49 (03663, fallback)
  m1_hough/vidd_2: proposed 34/49 (03664)
  m1_hough/vidd_2: proposed 35/49 (03665)
  m1_hough/vidd_2: proposed 36/49 (03666)
  m1_hough/vidd_2: proposed 37/49 (03667)
  m1_hough/vidd_2: proposed 38/49 (03668)
  m1_hough/vidd_2: proposed 39/49 (03669)
  m1_hough/vidd_2: proposed 40/49 (03670, fallback)
  m1_hough/vidd_2: proposed 41/49 (05604)
  m1_hough/vidd_2: proposed 42/49 (05605)
  m1_hough/vidd_2: proposed 43/49 (05606)
  m1_hough/vidd_2: proposed 44/49 (05607)
  m1_hough/vidd_2: proposed 45/49 (05608)
  m1_hough/vidd_2: proposed 46/49 (05609)
  m1_hough/vidd_2: proposed 47/49 (05610)
  m1_hough/vidd_2: proposed 48/49 (05611)
  m1_hough/vidd_2: proposed 49/49 (05612)
m2_kmeans/vidd_2: proposing ROIs for 50 frame(s)
  m2_kmeans/vidd_2: proposed 1/49 (00002)
  m2_kmeans/vidd_2: proposed 2/49 (00003)
  m2_kmeans/vidd_2: proposed 3/49 (00004)
  m2_kmeans/vidd_2: proposed 4/49 (00005)
  m2_kmeans/vidd_2: proposed 5/49 (00006)
  m2_kmeans/vidd_2: proposed 6/49 (00007)
  m2_kmeans/vidd_2: proposed 7/49 (00008)
  m2_kmeans/vidd_2: proposed 8/49 (00009)
  m2_kmeans/vidd_2: proposed 9/49 (00010)
  m2_kmeans/vidd_2: proposed 10/49 (00011)
  m2_kmeans/vidd_2: proposed 11/49 (00012)
  m2_kmeans/vidd_2: proposed 12/49 (00013)
  m2_kmeans/vidd_2: proposed 13/49 (00014)
  m2_kmeans/vidd_2: proposed 14/49 (00015)
  m2_kmeans/vidd_2: proposed 15/49 (00016)
  m2_kmeans/vidd_2: proposed 16/49 (00017)
  m2_kmeans/vidd_2: proposed 17/49 (00018)
  m2_kmeans/vidd_2: proposed 18/49 (00019)
  m2_kmeans/vidd_2: proposed 19/49 (00020)
  m2_kmeans/vidd_2: proposed 20/49 (03650)
  m2_kmeans/vidd_2: proposed 21/49 (03651)
  m2_kmeans/vidd_2: proposed 22/49 (03652, fallback)
  m2_kmeans/vidd_2: proposed 23/49 (03653)
  m2_kmeans/vidd_2: proposed 24/49 (03654, fallback)
  m2_kmeans/vidd_2: proposed 25/49 (03655)
  m2_kmeans/vidd_2: proposed 26/49 (03656)
  m2_kmeans/vidd_2: proposed 27/49 (03657)
  m2_kmeans/vidd_2: proposed 28/49 (03658)
  m2_kmeans/vidd_2: proposed 29/49 (03659)
  m2_kmeans/vidd_2: proposed 30/49 (03660)
  m2_kmeans/vidd_2: proposed 31/49 (03661, fallback)
  m2_kmeans/vidd_2: proposed 32/49 (03662)
  m2_kmeans/vidd_2: proposed 33/49 (03663, fallback)
  m2_kmeans/vidd_2: proposed 34/49 (03664)
  m2_kmeans/vidd_2: proposed 35/49 (03665)
  m2_kmeans/vidd_2: proposed 36/49 (03666)
  m2_kmeans/vidd_2: proposed 37/49 (03667)
  m2_kmeans/vidd_2: proposed 38/49 (03668)
  m2_kmeans/vidd_2: proposed 39/49 (03669)
  m2_kmeans/vidd_2: proposed 40/49 (03670)
  m2_kmeans/vidd_2: proposed 41/49 (05604)
  m2_kmeans/vidd_2: proposed 42/49 (05605)
  m2_kmeans/vidd_2: proposed 43/49 (05606)
  m2_kmeans/vidd_2: proposed 44/49 (05607)
  m2_kmeans/vidd_2: proposed 45/49 (05608)
  m2_kmeans/vidd_2: proposed 46/49 (05609)
  m2_kmeans/vidd_2: proposed 47/49 (05610)
  m2_kmeans/vidd_2: proposed 48/49 (05611)
  m2_kmeans/vidd_2: proposed 49/49 (05612)
m3_vlm_corners/vidd_2: proposing ROIs for 50 frame(s)
  m3_vlm_corners/vidd_2: proposed 1/49 (00003, fallback)
  m3_vlm_corners/vidd_2: proposed 2/49 (00007, fallback)
  m3_vlm_corners/vidd_2: proposed 3/49 (00008, fallback)
  m3_vlm_corners/vidd_2: proposed 4/49 (00005, fallback)
  m3_vlm_corners/vidd_2: proposed 5/49 (00011, fallback)
  m3_vlm_corners/vidd_2: proposed 6/49 (00010, fallback)
  m3_vlm_corners/vidd_2: proposed 7/49 (00013, fallback)
  m3_vlm_corners/vidd_2: proposed 8/49 (00015, fallback)
  m3_vlm_corners/vidd_2: proposed 9/49 (00016, fallback)
  m3_vlm_corners/vidd_2: proposed 10/49 (00017, fallback)
  m3_vlm_corners/vidd_2: proposed 11/49 (00002)
  m3_vlm_corners/vidd_2: proposed 12/49 (00018, fallback)
  m3_vlm_corners/vidd_2: proposed 13/49 (00006)
  m3_vlm_corners/vidd_2: proposed 14/49 (00020, fallback)
  m3_vlm_corners/vidd_2: proposed 15/49 (03650, fallback)
  m3_vlm_corners/vidd_2: proposed 16/49 (00012)
  m3_vlm_corners/vidd_2: proposed 17/49 (03652, fallback)
  m3_vlm_corners/vidd_2: proposed 18/49 (03654, fallback)
  m3_vlm_corners/vidd_2: proposed 19/49 (03655, fallback)
  m3_vlm_corners/vidd_2: proposed 20/49 (03656, fallback)
  m3_vlm_corners/vidd_2: proposed 21/49 (03657, fallback)
  m3_vlm_corners/vidd_2: proposed 22/49 (03659, fallback)
  m3_vlm_corners/vidd_2: proposed 23/49 (03653)
  m3_vlm_corners/vidd_2: proposed 24/49 (00014)
  m3_vlm_corners/vidd_2: proposed 25/49 (03660, fallback)
  m3_vlm_corners/vidd_2: proposed 26/49 (03661, fallback)
  m3_vlm_corners/vidd_2: proposed 27/49 (03662, fallback)
  m3_vlm_corners/vidd_2: proposed 28/49 (00004)
  m3_vlm_corners/vidd_2: proposed 29/49 (03665, fallback)
  m3_vlm_corners/vidd_2: proposed 30/49 (03666, fallback)
  m3_vlm_corners/vidd_2: proposed 31/49 (03667, fallback)
  m3_vlm_corners/vidd_2: proposed 32/49 (00009)
  m3_vlm_corners/vidd_2: proposed 33/49 (03669, fallback)
  m3_vlm_corners/vidd_2: proposed 34/49 (03670, fallback)
  m3_vlm_corners/vidd_2: proposed 35/49 (05604, fallback)
  m3_vlm_corners/vidd_2: proposed 36/49 (05605, fallback)
  m3_vlm_corners/vidd_2: proposed 37/49 (03668)
  m3_vlm_corners/vidd_2: proposed 38/49 (05607, fallback)
  m3_vlm_corners/vidd_2: proposed 39/49 (05609, fallback)
  m3_vlm_corners/vidd_2: proposed 40/49 (05610, fallback)
  m3_vlm_corners/vidd_2: proposed 41/49 (00019)
  m3_vlm_corners/vidd_2: proposed 42/49 (03658)
  m3_vlm_corners/vidd_2: proposed 43/49 (05612, fallback)
  m3_vlm_corners/vidd_2: proposed 44/49 (03664)
  m3_vlm_corners/vidd_2: proposed 45/49 (03651)
  m3_vlm_corners/vidd_2: proposed 46/49 (05606)
  m3_vlm_corners/vidd_2: proposed 47/49 (03663)
  m3_vlm_corners/vidd_2: proposed 48/49 (05608)
  m3_vlm_corners/vidd_2: proposed 49/49 (05611)
m4_vlm_points/vidd_2: proposing ROIs for 50 frame(s)
  m4_vlm_points/vidd_2: proposed 1/49 (00005, fallback)
  m4_vlm_points/vidd_2: proposed 2/49 (00009, fallback)
  m4_vlm_points/vidd_2: proposed 3/49 (00007, fallback)
  m4_vlm_points/vidd_2: proposed 4/49 (00008, fallback)
  m4_vlm_points/vidd_2: proposed 5/49 (00013, fallback)
  m4_vlm_points/vidd_2: proposed 6/49 (00010, fallback)
  m4_vlm_points/vidd_2: proposed 7/49 (00014, fallback)
  m4_vlm_points/vidd_2: proposed 8/49 (00016, fallback)
  m4_vlm_points/vidd_2: proposed 9/49 (00003)
  m4_vlm_points/vidd_2: proposed 10/49 (00015)
  m4_vlm_points/vidd_2: proposed 11/49 (00002)
  m4_vlm_points/vidd_2: proposed 12/49 (00004)
  m4_vlm_points/vidd_2: proposed 13/49 (00006)
  m4_vlm_points/vidd_2: proposed 14/49 (00019, fallback)
  m4_vlm_points/vidd_2: proposed 15/49 (00020, fallback)
  m4_vlm_points/vidd_2: proposed 16/49 (03651, fallback)
  m4_vlm_points/vidd_2: proposed 17/49 (03652, fallback)
  m4_vlm_points/vidd_2: proposed 18/49 (03654, fallback)
  m4_vlm_points/vidd_2: proposed 19/49 (03655, fallback)
  m4_vlm_points/vidd_2: proposed 20/49 (00011)
  m4_vlm_points/vidd_2: proposed 21/49 (03657, fallback)
  m4_vlm_points/vidd_2: proposed 22/49 (03658, fallback)
  m4_vlm_points/vidd_2: proposed 23/49 (03659, fallback)
  m4_vlm_points/vidd_2: proposed 24/49 (03660, fallback)
  m4_vlm_points/vidd_2: proposed 25/49 (03661, fallback)
  m4_vlm_points/vidd_2: proposed 26/49 (03662, fallback)
  m4_vlm_points/vidd_2: proposed 27/49 (00018)
  m4_vlm_points/vidd_2: proposed 28/49 (00017)
  m4_vlm_points/vidd_2: proposed 29/49 (03650)
  m4_vlm_points/vidd_2: proposed 30/49 (03665, fallback)
  m4_vlm_points/vidd_2: proposed 31/49 (03666, fallback)
  m4_vlm_points/vidd_2: proposed 32/49 (03667, fallback)
  m4_vlm_points/vidd_2: proposed 33/49 (03653)
  m4_vlm_points/vidd_2: proposed 34/49 (03669, fallback)
  m4_vlm_points/vidd_2: proposed 35/49 (05604, fallback)
  m4_vlm_points/vidd_2: proposed 36/49 (05605, fallback)
  m4_vlm_points/vidd_2: proposed 37/49 (05606, fallback)
  m4_vlm_points/vidd_2: proposed 38/49 (05607, fallback)
  m4_vlm_points/vidd_2: proposed 39/49 (05608, fallback)
  m4_vlm_points/vidd_2: proposed 40/49 (03668)
  m4_vlm_points/vidd_2: proposed 41/49 (05609, fallback)
  m4_vlm_points/vidd_2: proposed 42/49 (05610, fallback)
  m4_vlm_points/vidd_2: proposed 43/49 (00012)
  m4_vlm_points/vidd_2: proposed 44/49 (03670)
  m4_vlm_points/vidd_2: proposed 45/49 (03664)
  m4_vlm_points/vidd_2: proposed 46/49 (03656)
  m4_vlm_points/vidd_2: proposed 47/49 (05612)
  m4_vlm_points/vidd_2: proposed 48/49 (03663)
  m4_vlm_points/vidd_2: proposed 49/49 (05611)
m5_ridge/vidd_2: proposing ROIs for 50 frame(s)
  m5_ridge/vidd_2: proposed 1/49 (00002)
  m5_ridge/vidd_2: proposed 2/49 (00003)
  m5_ridge/vidd_2: proposed 3/49 (00004)
  m5_ridge/vidd_2: proposed 4/49 (00005)
  m5_ridge/vidd_2: proposed 5/49 (00006)
  m5_ridge/vidd_2: proposed 6/49 (00007)
  m5_ridge/vidd_2: proposed 7/49 (00008)
  m5_ridge/vidd_2: proposed 8/49 (00009)
  m5_ridge/vidd_2: proposed 9/49 (00010)
  m5_ridge/vidd_2: proposed 10/49 (00011)
  m5_ridge/vidd_2: proposed 11/49 (00012)
  m5_ridge/vidd_2: proposed 12/49 (00013)
  m5_ridge/vidd_2: proposed 13/49 (00014)
  m5_ridge/vidd_2: proposed 14/49 (00015)
  m5_ridge/vidd_2: proposed 15/49 (00016)
  m5_ridge/vidd_2: proposed 16/49 (00017)
  m5_ridge/vidd_2: proposed 17/49 (00018)
  m5_ridge/vidd_2: proposed 18/49 (00019)
  m5_ridge/vidd_2: proposed 19/49 (00020)
  m5_ridge/vidd_2: proposed 20/49 (03650)
  m5_ridge/vidd_2: proposed 21/49 (03651)
  m5_ridge/vidd_2: proposed 22/49 (03652)
  m5_ridge/vidd_2: proposed 23/49 (03653)
  m5_ridge/vidd_2: proposed 24/49 (03654)
  m5_ridge/vidd_2: proposed 25/49 (03655)
  m5_ridge/vidd_2: proposed 26/49 (03656)
  m5_ridge/vidd_2: proposed 27/49 (03657)
  m5_ridge/vidd_2: proposed 28/49 (03658)
  m5_ridge/vidd_2: proposed 29/49 (03659)
  m5_ridge/vidd_2: proposed 30/49 (03660)
  m5_ridge/vidd_2: proposed 31/49 (03661)
  m5_ridge/vidd_2: proposed 32/49 (03662)
  m5_ridge/vidd_2: proposed 33/49 (03663)
  m5_ridge/vidd_2: proposed 34/49 (03664)
  m5_ridge/vidd_2: proposed 35/49 (03665)
  m5_ridge/vidd_2: proposed 36/49 (03666)
  m5_ridge/vidd_2: proposed 37/49 (03667)
  m5_ridge/vidd_2: proposed 38/49 (03668)
  m5_ridge/vidd_2: proposed 39/49 (03669)
  m5_ridge/vidd_2: proposed 40/49 (03670)
  m5_ridge/vidd_2: proposed 41/49 (05604)
  m5_ridge/vidd_2: proposed 42/49 (05605)
  m5_ridge/vidd_2: proposed 43/49 (05606)
  m5_ridge/vidd_2: proposed 44/49 (05607)
  m5_ridge/vidd_2: proposed 45/49 (05608)
  m5_ridge/vidd_2: proposed 46/49 (05609)
  m5_ridge/vidd_2: proposed 47/49 (05610)
  m5_ridge/vidd_2: proposed 48/49 (05611)
  m5_ridge/vidd_2: proposed 49/49 (05612)
m1_hough/vidd_3: proposing ROIs for 50 frame(s)
  m1_hough/vidd_3: proposed 1/49 (18971)
  m1_hough/vidd_3: proposed 2/49 (18972)
  m1_hough/vidd_3: proposed 3/49 (18973)
  m1_hough/vidd_3: proposed 4/49 (18974, fallback)
  m1_hough/vidd_3: proposed 5/49 (18975)
  m1_hough/vidd_3: proposed 6/49 (18976)
  m1_hough/vidd_3: proposed 7/49 (18977)
  m1_hough/vidd_3: proposed 8/49 (18978)
  m1_hough/vidd_3: proposed 9/49 (18979)
  m1_hough/vidd_3: proposed 10/49 (18980)
  m1_hough/vidd_3: proposed 11/49 (18981)
  m1_hough/vidd_3: proposed 12/49 (18982)
  m1_hough/vidd_3: proposed 13/49 (18983)
  m1_hough/vidd_3: proposed 14/49 (18984)
  m1_hough/vidd_3: proposed 15/49 (18985, fallback)
  m1_hough/vidd_3: proposed 16/49 (18986)
  m1_hough/vidd_3: proposed 17/49 (18987, fallback)
  m1_hough/vidd_3: proposed 18/49 (18988)
  m1_hough/vidd_3: proposed 19/49 (18989)
  m1_hough/vidd_3: proposed 20/49 (18990)
  m1_hough/vidd_3: proposed 21/49 (40940)
  m1_hough/vidd_3: proposed 22/49 (40941)
  m1_hough/vidd_3: proposed 23/49 (40942)
  m1_hough/vidd_3: proposed 24/49 (40943)
  m1_hough/vidd_3: proposed 25/49 (40944)
  m1_hough/vidd_3: proposed 26/49 (40945)
  m1_hough/vidd_3: proposed 27/49 (40946)
  m1_hough/vidd_3: proposed 28/49 (40947)
  m1_hough/vidd_3: proposed 29/49 (40948)
  m1_hough/vidd_3: proposed 30/49 (40949)
  m1_hough/vidd_3: proposed 31/49 (40950)
  m1_hough/vidd_3: proposed 32/49 (40951)
  m1_hough/vidd_3: proposed 33/49 (40952)
  m1_hough/vidd_3: proposed 34/49 (40953)
  m1_hough/vidd_3: proposed 35/49 (42370, fallback)
  m1_hough/vidd_3: proposed 36/49 (42371)
  m1_hough/vidd_3: proposed 37/49 (42372)
  m1_hough/vidd_3: proposed 38/49 (42373)
  m1_hough/vidd_3: proposed 39/49 (42374, fallback)
  m1_hough/vidd_3: proposed 40/49 (42375)
  m1_hough/vidd_3: proposed 41/49 (42376, fallback)
  m1_hough/vidd_3: proposed 42/49 (42377)
  m1_hough/vidd_3: proposed 43/49 (42378, fallback)
  m1_hough/vidd_3: proposed 44/49 (42379)
  m1_hough/vidd_3: proposed 45/49 (42380, fallback)
  m1_hough/vidd_3: proposed 46/49 (42381)
  m1_hough/vidd_3: proposed 47/49 (42382)
  m1_hough/vidd_3: proposed 48/49 (42383)
  m1_hough/vidd_3: proposed 49/49 (42384, fallback)
m2_kmeans/vidd_3: proposing ROIs for 50 frame(s)
  m2_kmeans/vidd_3: proposed 1/49 (18971)
  m2_kmeans/vidd_3: proposed 2/49 (18972)
  m2_kmeans/vidd_3: proposed 3/49 (18973)
  m2_kmeans/vidd_3: proposed 4/49 (18974)
  m2_kmeans/vidd_3: proposed 5/49 (18975)
  m2_kmeans/vidd_3: proposed 6/49 (18976)
  m2_kmeans/vidd_3: proposed 7/49 (18977)
  m2_kmeans/vidd_3: proposed 8/49 (18978)
  m2_kmeans/vidd_3: proposed 9/49 (18979)
  m2_kmeans/vidd_3: proposed 10/49 (18980)
  m2_kmeans/vidd_3: proposed 11/49 (18981)
  m2_kmeans/vidd_3: proposed 12/49 (18982)
  m2_kmeans/vidd_3: proposed 13/49 (18983)
  m2_kmeans/vidd_3: proposed 14/49 (18984)
  m2_kmeans/vidd_3: proposed 15/49 (18985)
  m2_kmeans/vidd_3: proposed 16/49 (18986)
  m2_kmeans/vidd_3: proposed 17/49 (18987)
  m2_kmeans/vidd_3: proposed 18/49 (18988)
  m2_kmeans/vidd_3: proposed 19/49 (18989)
  m2_kmeans/vidd_3: proposed 20/49 (18990)
  m2_kmeans/vidd_3: proposed 21/49 (40940, fallback)
  m2_kmeans/vidd_3: proposed 22/49 (40941)
  m2_kmeans/vidd_3: proposed 23/49 (40942)
  m2_kmeans/vidd_3: proposed 24/49 (40943)
  m2_kmeans/vidd_3: proposed 25/49 (40944)
  m2_kmeans/vidd_3: proposed 26/49 (40945)
  m2_kmeans/vidd_3: proposed 27/49 (40946)
  m2_kmeans/vidd_3: proposed 28/49 (40947)
  m2_kmeans/vidd_3: proposed 29/49 (40948)
  m2_kmeans/vidd_3: proposed 30/49 (40949)
  m2_kmeans/vidd_3: proposed 31/49 (40950)
  m2_kmeans/vidd_3: proposed 32/49 (40951)
  m2_kmeans/vidd_3: proposed 33/49 (40952)
  m2_kmeans/vidd_3: proposed 34/49 (40953)
  m2_kmeans/vidd_3: proposed 35/49 (42370, fallback)
  m2_kmeans/vidd_3: proposed 36/49 (42371)
  m2_kmeans/vidd_3: proposed 37/49 (42372, fallback)
  m2_kmeans/vidd_3: proposed 38/49 (42373)
  m2_kmeans/vidd_3: proposed 39/49 (42374, fallback)
  m2_kmeans/vidd_3: proposed 40/49 (42375)
  m2_kmeans/vidd_3: proposed 41/49 (42376, fallback)
  m2_kmeans/vidd_3: proposed 42/49 (42377, fallback)
  m2_kmeans/vidd_3: proposed 43/49 (42378, fallback)
  m2_kmeans/vidd_3: proposed 44/49 (42379)
  m2_kmeans/vidd_3: proposed 45/49 (42380, fallback)
  m2_kmeans/vidd_3: proposed 46/49 (42381)
  m2_kmeans/vidd_3: proposed 47/49 (42382, fallback)
  m2_kmeans/vidd_3: proposed 48/49 (42383)
  m2_kmeans/vidd_3: proposed 49/49 (42384, fallback)
m3_vlm_corners/vidd_3: proposing ROIs for 50 frame(s)
  m3_vlm_corners/vidd_3: proposed 1/49 (18972, fallback)
  m3_vlm_corners/vidd_3: proposed 2/49 (18978, fallback)
  m3_vlm_corners/vidd_3: proposed 3/49 (18973, fallback)
  m3_vlm_corners/vidd_3: proposed 4/49 (18971, fallback)
  m3_vlm_corners/vidd_3: proposed 5/49 (18980, fallback)
  m3_vlm_corners/vidd_3: proposed 6/49 (18979, fallback)
  m3_vlm_corners/vidd_3: proposed 7/49 (18981, fallback)
  m3_vlm_corners/vidd_3: proposed 8/49 (18983, fallback)
  m3_vlm_corners/vidd_3: proposed 9/49 (18985, fallback)
  m3_vlm_corners/vidd_3: proposed 10/49 (18986, fallback)
  m3_vlm_corners/vidd_3: proposed 11/49 (18976)
  m3_vlm_corners/vidd_3: proposed 12/49 (18975)
  m3_vlm_corners/vidd_3: proposed 13/49 (18989, fallback)
  m3_vlm_corners/vidd_3: proposed 14/49 (40940, fallback)
  m3_vlm_corners/vidd_3: proposed 15/49 (40941, fallback)
  m3_vlm_corners/vidd_3: proposed 16/49 (40942, fallback)
  m3_vlm_corners/vidd_3: proposed 17/49 (18982)
  m3_vlm_corners/vidd_3: proposed 18/49 (18974)
  m3_vlm_corners/vidd_3: proposed 19/49 (40944, fallback)
  m3_vlm_corners/vidd_3: proposed 20/49 (18984)
  m3_vlm_corners/vidd_3: proposed 21/49 (18977)
  m3_vlm_corners/vidd_3: proposed 22/49 (40945, fallback)
  m3_vlm_corners/vidd_3: proposed 23/49 (40946, fallback)
  m3_vlm_corners/vidd_3: proposed 24/49 (40947, fallback)
  m3_vlm_corners/vidd_3: proposed 25/49 (40948, fallback)
  m3_vlm_corners/vidd_3: proposed 26/49 (40949, fallback)
  m3_vlm_corners/vidd_3: proposed 27/49 (18987)
  m3_vlm_corners/vidd_3: proposed 28/49 (42370, fallback)
  m3_vlm_corners/vidd_3: proposed 29/49 (18988)
  m3_vlm_corners/vidd_3: proposed 30/49 (42371, fallback)
  m3_vlm_corners/vidd_3: proposed 31/49 (42373, fallback)
  m3_vlm_corners/vidd_3: proposed 32/49 (42374, fallback)
  m3_vlm_corners/vidd_3: proposed 33/49 (42375, fallback)
  m3_vlm_corners/vidd_3: proposed 34/49 (42376, fallback)
  m3_vlm_corners/vidd_3: proposed 35/49 (42377, fallback)
  m3_vlm_corners/vidd_3: proposed 36/49 (40951)
  m3_vlm_corners/vidd_3: proposed 37/49 (42378, fallback)
  m3_vlm_corners/vidd_3: proposed 38/49 (40950)
  m3_vlm_corners/vidd_3: proposed 39/49 (42380, fallback)
  m3_vlm_corners/vidd_3: proposed 40/49 (42379, fallback)
  m3_vlm_corners/vidd_3: proposed 41/49 (42381, fallback)
  m3_vlm_corners/vidd_3: proposed 42/49 (40952)
  m3_vlm_corners/vidd_3: proposed 43/49 (42384, fallback)
  m3_vlm_corners/vidd_3: proposed 44/49 (18990)
  m3_vlm_corners/vidd_3: proposed 45/49 (42372)
  m3_vlm_corners/vidd_3: proposed 46/49 (42383)
  m3_vlm_corners/vidd_3: proposed 47/49 (40953)
  m3_vlm_corners/vidd_3: proposed 48/49 (40943)
  m3_vlm_corners/vidd_3: proposed 49/49 (42382)
m4_vlm_points/vidd_3: proposing ROIs for 50 frame(s)
  m4_vlm_points/vidd_3: proposed 1/49 (18972, fallback)
  m4_vlm_points/vidd_3: proposed 2/49 (18971, fallback)
  m4_vlm_points/vidd_3: proposed 3/49 (18974, fallback)
  m4_vlm_points/vidd_3: proposed 4/49 (18978, fallback)
  m4_vlm_points/vidd_3: proposed 5/49 (18975, fallback)
  m4_vlm_points/vidd_3: proposed 6/49 (18977, fallback)
  m4_vlm_points/vidd_3: proposed 7/49 (18973, fallback)
  m4_vlm_points/vidd_3: proposed 8/49 (18976, fallback)
  m4_vlm_points/vidd_3: proposed 9/49 (18979, fallback)
  m4_vlm_points/vidd_3: proposed 10/49 (18980, fallback)
  m4_vlm_points/vidd_3: proposed 11/49 (18983, fallback)
  m4_vlm_points/vidd_3: proposed 12/49 (18984, fallback)
  m4_vlm_points/vidd_3: proposed 13/49 (18985, fallback)
  m4_vlm_points/vidd_3: proposed 14/49 (18987, fallback)
  m4_vlm_points/vidd_3: proposed 15/49 (18989, fallback)
  m4_vlm_points/vidd_3: proposed 16/49 (18990, fallback)
  m4_vlm_points/vidd_3: proposed 17/49 (40941, fallback)
  m4_vlm_points/vidd_3: proposed 18/49 (40943, fallback)
  m4_vlm_points/vidd_3: proposed 19/49 (40944, fallback)
  m4_vlm_points/vidd_3: proposed 20/49 (40945, fallback)
  m4_vlm_points/vidd_3: proposed 21/49 (40946)
  m4_vlm_points/vidd_3: proposed 22/49 (40948, fallback)
  m4_vlm_points/vidd_3: proposed 23/49 (40947)
  m4_vlm_points/vidd_3: proposed 24/49 (40950, fallback)
  m4_vlm_points/vidd_3: proposed 25/49 (40949, fallback)
  m4_vlm_points/vidd_3: proposed 26/49 (18982)
  m4_vlm_points/vidd_3: proposed 27/49 (40951, fallback)
  m4_vlm_points/vidd_3: proposed 28/49 (40952, fallback)
  m4_vlm_points/vidd_3: proposed 29/49 (42370, fallback)
  m4_vlm_points/vidd_3: proposed 30/49 (40942)
  m4_vlm_points/vidd_3: proposed 31/49 (42372, fallback)
  m4_vlm_points/vidd_3: proposed 32/49 (42373, fallback)
  m4_vlm_points/vidd_3: proposed 33/49 (42374, fallback)
  m4_vlm_points/vidd_3: proposed 34/49 (18988)
  m4_vlm_points/vidd_3: proposed 35/49 (18981)
  m4_vlm_points/vidd_3: proposed 36/49 (42377, fallback)
  m4_vlm_points/vidd_3: proposed 37/49 (42375)
  m4_vlm_points/vidd_3: proposed 38/49 (42380, fallback)
  m4_vlm_points/vidd_3: proposed 39/49 (42381, fallback)
  m4_vlm_points/vidd_3: proposed 40/49 (40940)
  m4_vlm_points/vidd_3: proposed 41/49 (42382, fallback)
  m4_vlm_points/vidd_3: proposed 42/49 (18986)
  m4_vlm_points/vidd_3: proposed 43/49 (42371)
  m4_vlm_points/vidd_3: proposed 44/49 (42379)
  m4_vlm_points/vidd_3: proposed 45/49 (42378)
  m4_vlm_points/vidd_3: proposed 46/49 (40953)
  m4_vlm_points/vidd_3: proposed 47/49 (42383)
  m4_vlm_points/vidd_3: proposed 48/49 (42376)
  m4_vlm_points/vidd_3: proposed 49/49 (42384)
m5_ridge/vidd_3: proposing ROIs for 50 frame(s)
  m5_ridge/vidd_3: proposed 1/49 (18971)
  m5_ridge/vidd_3: proposed 2/49 (18972)
  m5_ridge/vidd_3: proposed 3/49 (18973)
  m5_ridge/vidd_3: proposed 4/49 (18974)
  m5_ridge/vidd_3: proposed 5/49 (18975)
  m5_ridge/vidd_3: proposed 6/49 (18976)
  m5_ridge/vidd_3: proposed 7/49 (18977)
  m5_ridge/vidd_3: proposed 8/49 (18978)
  m5_ridge/vidd_3: proposed 9/49 (18979)
  m5_ridge/vidd_3: proposed 10/49 (18980)
  m5_ridge/vidd_3: proposed 11/49 (18981)
  m5_ridge/vidd_3: proposed 12/49 (18982)
  m5_ridge/vidd_3: proposed 13/49 (18983)
  m5_ridge/vidd_3: proposed 14/49 (18984)
  m5_ridge/vidd_3: proposed 15/49 (18985)
  m5_ridge/vidd_3: proposed 16/49 (18986)
  m5_ridge/vidd_3: proposed 17/49 (18987)
  m5_ridge/vidd_3: proposed 18/49 (18988)
  m5_ridge/vidd_3: proposed 19/49 (18989)
  m5_ridge/vidd_3: proposed 20/49 (18990)
  m5_ridge/vidd_3: proposed 21/49 (40940)
  m5_ridge/vidd_3: proposed 22/49 (40941)
  m5_ridge/vidd_3: proposed 23/49 (40942)
  m5_ridge/vidd_3: proposed 24/49 (40943)
  m5_ridge/vidd_3: proposed 25/49 (40944)
  m5_ridge/vidd_3: proposed 26/49 (40945)
  m5_ridge/vidd_3: proposed 27/49 (40946)
  m5_ridge/vidd_3: proposed 28/49 (40947)
  m5_ridge/vidd_3: proposed 29/49 (40948)
  m5_ridge/vidd_3: proposed 30/49 (40949)
  m5_ridge/vidd_3: proposed 31/49 (40950)
  m5_ridge/vidd_3: proposed 32/49 (40951)
  m5_ridge/vidd_3: proposed 33/49 (40952)
  m5_ridge/vidd_3: proposed 34/49 (40953)
  m5_ridge/vidd_3: proposed 35/49 (42370)
  m5_ridge/vidd_3: proposed 36/49 (42371)
  m5_ridge/vidd_3: proposed 37/49 (42372)
  m5_ridge/vidd_3: proposed 38/49 (42373)
  m5_ridge/vidd_3: proposed 39/49 (42374)
  m5_ridge/vidd_3: proposed 40/49 (42375)
  m5_ridge/vidd_3: proposed 41/49 (42376)
  m5_ridge/vidd_3: proposed 42/49 (42377)
  m5_ridge/vidd_3: proposed 43/49 (42378)
  m5_ridge/vidd_3: proposed 44/49 (42379)
  m5_ridge/vidd_3: proposed 45/49 (42380)
  m5_ridge/vidd_3: proposed 46/49 (42381)
  m5_ridge/vidd_3: proposed 47/49 (42382)
  m5_ridge/vidd_3: proposed 48/49 (42383)
  m5_ridge/vidd_3: proposed 49/49 (42384)
Running ALINA: 15 runs on 6 processes
m1_hough/vidd_2/every-frame: Done: 37/50 labeled, avg 4778.9ms/frame (0.21 fps), total 238.9s
m5_ridge/vidd_1/every-frame: Done: 2/50 labeled, avg 14185.0ms/frame (0.07 fps), total 709.2s
m3_vlm_corners/vidd_2/every-frame: Done: 14/50 labeled, avg 1957.1ms/frame (0.51 fps), total 97.9s
m3_vlm_corners/vidd_1/every-frame: Done: 47/50 labeled, avg 17405.8ms/frame (0.06 fps), total 870.3s
m4_vlm_points/vidd_2/every-frame: Done: 17/50 labeled, avg 1569.5ms/frame (0.64 fps), total 78.5s
m1_hough/vidd_3/every-frame: Done: 22/50 labeled, avg 2596.1ms/frame (0.39 fps), total 129.8s
m4_vlm_points/vidd_1/every-frame: Done: 45/50 labeled, avg 20519.7ms/frame (0.05 fps), total 1026.0s
m1_hough/vidd_1/every-frame: Done: 47/50 labeled, avg 22263.8ms/frame (0.04 fps), total 1113.2s
m5_ridge/vidd_2/every-frame: Done: 35/50 labeled, avg 5699.3ms/frame (0.18 fps), total 285.0s
m5_ridge/vidd_3/every-frame: Done: 0/50 labeled, avg 80.3ms/frame (12.45 fps), total 4.0s
m2_kmeans/vidd_1/every-frame: Done: 47/50 labeled, avg 23819.8ms/frame (0.04 fps), total 1191.0s
m3_vlm_corners/vidd_3/every-frame: Done: 11/50 labeled, avg 3894.9ms/frame (0.26 fps), total 194.7s
m2_kmeans/vidd_2/every-frame: Done: 41/50 labeled, avg 19883.2ms/frame (0.05 fps), total 994.2s
m4_vlm_points/vidd_3/every-frame: Done: 9/50 labeled, avg 3149.7ms/frame (0.32 fps), total 157.5s
