m3_vlm_corners/vidd_1: proposing ROIs for 50 frame(s)
m4_vlm_points/vidd_1: proposing ROIs for 50 frame(s)
  m4_vlm_points/vidd_1: proposed 1/17 (09000)
  m4_vlm_points/vidd_1: proposed 2/17 (09001)
  m4_vlm_points/vidd_1: proposed 3/17 (09002)
  m4_vlm_points/vidd_1: proposed 4/17 (01066)
  m4_vlm_points/vidd_1: proposed 5/17 (01064)
  m4_vlm_points/vidd_1: proposed 6/17 (09003)
  m4_vlm_points/vidd_1: proposed 7/17 (09005)
  m4_vlm_points/vidd_1: proposed 8/17 (09007)
  m4_vlm_points/vidd_1: proposed 9/17 (09008)
  m4_vlm_points/vidd_1: proposed 10/17 (09009)
  m4_vlm_points/vidd_1: proposed 11/17 (09014)
  m4_vlm_points/vidd_1: proposed 12/17 (09010)
  m4_vlm_points/vidd_1: proposed 13/17 (09016)
  m4_vlm_points/vidd_1: proposed 14/17 (09015)
  m4_vlm_points/vidd_1: proposed 15/17 (09018)
  m4_vlm_points/vidd_1: proposed 16/17 (09012)
  m4_vlm_points/vidd_1: proposed 17/17 (09019)
m3_vlm_corners/vidd_2: proposing ROIs for 50 frame(s)
  m3_vlm_corners/vidd_2: proposed 1/33 (00005)
  m3_vlm_corners/vidd_2: proposed 2/33 (00007)
  m3_vlm_corners/vidd_2: proposed 3/33 (00003)
  m3_vlm_corners/vidd_2: proposed 4/33 (00008)
  m3_vlm_corners/vidd_2: proposed 5/33 (00010)
  m3_vlm_corners/vidd_2: proposed 6/33 (00011)
  m3_vlm_corners/vidd_2: proposed 7/33 (00015)
  m3_vlm_corners/vidd_2: proposed 8/33 (00013)
  m3_vlm_corners/vidd_2: proposed 9/33 (00016)
  m3_vlm_corners/vidd_2: proposed 10/33 (00020)
  m3_vlm_corners/vidd_2: proposed 11/33 (00017)
  m3_vlm_corners/vidd_2: proposed 12/33 (00018)
  m3_vlm_corners/vidd_2: proposed 13/33 (03650)
  m3_vlm_corners/vidd_2: proposed 14/33 (03652)
  m3_vlm_corners/vidd_2: proposed 15/33 (03655)
  m3_vlm_corners/vidd_2: proposed 16/33 (03654)
  m3_vlm_corners/vidd_2: proposed 17/33 (03657)
  m3_vlm_corners/vidd_2: proposed 18/33 (03660)
  m3_vlm_corners/vidd_2: proposed 19/33 (03656)
  m3_vlm_corners/vidd_2: proposed 20/33 (03659)
  m3_vlm_corners/vidd_2: proposed 21/33 (03661)
  m3_vlm_corners/vidd_2: proposed 22/33 (03665)
  m3_vlm_corners/vidd_2: proposed 23/33 (03667)
  m3_vlm_corners/vidd_2: proposed 24/33 (03662)
  m3_vlm_corners/vidd_2: proposed 25/33 (03666)
  m3_vlm_corners/vidd_2: proposed 26/33 (03669)
  m3_vlm_corners/vidd_2: proposed 27/33 (03670)
  m3_vlm_corners/vidd_2: proposed 28/33 (05605)
  m3_vlm_corners/vidd_2: proposed 29/33 (05604)
  m3_vlm_corners/vidd_2: proposed 30/33 (05607)
  m3_vlm_corners/vidd_2: proposed 31/33 (05609)
  m3_vlm_corners/vidd_2: proposed 32/33 (05612)
  m3_vlm_corners/vidd_2: proposed 33/33 (05610)
m4_vlm_points/vidd_2: proposing ROIs for 50 frame(s)
  m4_vlm_points/vidd_2: proposed 1/31 (00007)
  m4_vlm_points/vidd_2: proposed 2/31 (00005)
  m4_vlm_points/vidd_2: proposed 3/31 (00009)
  m4_vlm_points/vidd_2: proposed 4/31 (00008)
  m4_vlm_points/vidd_2: proposed 5/31 (00010)
  m4_vlm_points/vidd_2: proposed 6/31 (00013)
  m4_vlm_points/vidd_2: proposed 7/31 (00019)
  m4_vlm_points/vidd_2: proposed 8/31 (00014)
  m4_vlm_points/vidd_2: proposed 9/31 (00016)
  m4_vlm_points/vidd_2: proposed 10/31 (00020)
  m4_vlm_points/vidd_2: proposed 11/31 (03651)
  m4_vlm_points/vidd_2: proposed 12/31 (03655)
  m4_vlm_points/vidd_2: proposed 13/31 (03652)
  m4_vlm_points/vidd_2: proposed 14/31 (03654)
  m4_vlm_points/vidd_2: proposed 15/31 (03657)
  m4_vlm_points/vidd_2: proposed 16/31 (03658)
  m4_vlm_points/vidd_2: proposed 17/31 (03661)
  m4_vlm_points/vidd_2: proposed 18/31 (03659)
  m4_vlm_points/vidd_2: proposed 19/31 (03660)
  m4_vlm_points/vidd_2: proposed 20/31 (03665)
  m4_vlm_points/vidd_2: proposed 21/31 (03662)
  m4_vlm_points/vidd_2: proposed 22/31 (03666)
  m4_vlm_points/vidd_2: proposed 23/31 (03667)
  m4_vlm_points/vidd_2: proposed 24/31 (03669)
  m4_vlm_points/vidd_2: proposed 25/31 (05604, fallback)
  m4_vlm_points/vidd_2: proposed 26/31 (05605)
  m4_vlm_points/vidd_2: proposed 27/31 (05606, fallback)
  m4_vlm_points/vidd_2: proposed 28/31 (05607)
  m4_vlm_points/vidd_2: proposed 29/31 (05608)
  m4_vlm_points/vidd_2: proposed 30/31 (05610)
  m4_vlm_points/vidd_2: proposed 31/31 (05609, fallback)
m3_vlm_corners/vidd_3: proposing ROIs for 50 frame(s)
  m3_vlm_corners/vidd_3: proposed 1/32 (18971)
  m3_vlm_corners/vidd_3: proposed 2/32 (18973)
  m3_vlm_corners/vidd_3: proposed 3/32 (18972)
  m3_vlm_corners/vidd_3: proposed 4/32 (18978)
  m3_vlm_corners/vidd_3: proposed 5/32 (18980)
  m3_vlm_corners/vidd_3: proposed 6/32 (18979)
  m3_vlm_corners/vidd_3: proposed 7/32 (18985)
  m3_vlm_corners/vidd_3: proposed 8/32 (18981)
  m3_vlm_corners/vidd_3: proposed 9/32 (18983)
  m3_vlm_corners/vidd_3: proposed 10/32 (18986)
  m3_vlm_corners/vidd_3: proposed 11/32 (18989)
  m3_vlm_corners/vidd_3: proposed 12/32 (40940)
  m3_vlm_corners/vidd_3: proposed 13/32 (40941)
  m3_vlm_corners/vidd_3: proposed 14/32 (40942)
  m3_vlm_corners/vidd_3: proposed 15/32 (40944)
  m3_vlm_corners/vidd_3: proposed 16/32 (40945)
  m3_vlm_corners/vidd_3: proposed 17/32 (40947)
  m3_vlm_corners/vidd_3: proposed 18/32 (40946)
  m3_vlm_corners/vidd_3: proposed 19/32 (40948)
  m3_vlm_corners/vidd_3: proposed 20/32 (42371)
  m3_vlm_corners/vidd_3: proposed 21/32 (40949)
  m3_vlm_corners/vidd_3: proposed 22/32 (42373)
  m3_vlm_corners/vidd_3: proposed 23/32 (42370)
  m3_vlm_corners/vidd_3: proposed 24/32 (42375)
  m3_vlm_corners/vidd_3: proposed 25/32 (42374)
  m3_vlm_corners/vidd_3: proposed 26/32 (42377)
  m3_vlm_corners/vidd_3: proposed 27/32 (42378)
  m3_vlm_corners/vidd_3: proposed 28/32 (42379)
  m3_vlm_corners/vidd_3: proposed 29/32 (42380)
  m3_vlm_corners/vidd_3: proposed 30/32 (42376)
  m3_vlm_corners/vidd_3: proposed 31/32 (42381)
  m3_vlm_corners/vidd_3: proposed 32/32 (42384)
m4_vlm_points/vidd_3: proposing ROIs for 50 frame(s)
  m4_vlm_points/vidd_3: proposed 1/33 (18973)
  m4_vlm_points/vidd_3: proposed 2/33 (18972)
  m4_vlm_points/vidd_3: proposed 3/33 (18974)
  m4_vlm_points/vidd_3: proposed 4/33 (18971)
  m4_vlm_points/vidd_3: proposed 5/33 (18975)
  m4_vlm_points/vidd_3: proposed 6/33 (18977)
  m4_vlm_points/vidd_3: proposed 7/33 (18976)
  m4_vlm_points/vidd_3: proposed 8/33 (18980)
  m4_vlm_points/vidd_3: proposed 9/33 (18979)
  m4_vlm_points/vidd_3: proposed 10/33 (18978)
  m4_vlm_points/vidd_3: proposed 11/33 (18983, fallback)
  m4_vlm_points/vidd_3: proposed 12/33 (18984)
  m4_vlm_points/vidd_3: proposed 13/33 (18985)
  m4_vlm_points/vidd_3: proposed 14/33 (18989)
  m4_vlm_points/vidd_3: proposed 15/33 (18987, fallback)
  m4_vlm_points/vidd_3: proposed 16/33 (18990)
  m4_vlm_points/vidd_3: proposed 17/33 (40941)
  m4_vlm_points/vidd_3: proposed 18/33 (40943)
  m4_vlm_points/vidd_3: proposed 19/33 (40945)
  m4_vlm_points/vidd_3: proposed 20/33 (40948)
  m4_vlm_points/vidd_3: proposed 21/33 (40949)
  m4_vlm_points/vidd_3: proposed 22/33 (40944)
  m4_vlm_points/vidd_3: proposed 23/33 (40950)
  m4_vlm_points/vidd_3: proposed 24/33 (40951)
  m4_vlm_points/vidd_3: proposed 25/33 (40952)
  m4_vlm_points/vidd_3: proposed 26/33 (42373)
  m4_vlm_points/vidd_3: proposed 27/33 (42370)
  m4_vlm_points/vidd_3: proposed 28/33 (42377)
  m4_vlm_points/vidd_3: proposed 29/33 (42374)
  m4_vlm_points/vidd_3: proposed 30/33 (42372)
  m4_vlm_points/vidd_3: proposed 31/33 (42381)
  m4_vlm_points/vidd_3: proposed 32/33 (42380)
  m4_vlm_points/vidd_3: proposed 33/33 (42382)
Running ALINA: 6 runs on 6 processes
m4_vlm_points/vidd_2/every-frame: Done: 40/50 labeled, avg 1961.3ms/frame (0.51 fps), total 98.1s
m3_vlm_corners/vidd_2/every-frame: Done: 40/50 labeled, avg 2850.4ms/frame (0.35 fps), total 142.5s
m3_vlm_corners/vidd_3/every-frame: Done: 26/50 labeled, avg 4987.5ms/frame (0.20 fps), total 249.4s
m4_vlm_points/vidd_3/every-frame: Done: 22/50 labeled, avg 6388.6ms/frame (0.16 fps), total 319.4s
m3_vlm_corners/vidd_1/every-frame: Done: 47/50 labeled, avg 9425.6ms/frame (0.11 fps), total 471.3s
m4_vlm_points/vidd_1/every-frame: Done: 45/50 labeled, avg 10520.9ms/frame (0.10 fps), total 526.0s
